
-------------------------------------------------------
Using this 'archive.php' script is no longer recommended.
Please use '/path/to/php /home/travis/build/matomo-org/matomo/tests/PHPUnit/proxy/../../..//console core:archive --url=http://localhost/tests/PHPUnit/proxy/index.php --force-date-last-n=10' instead.
To get help use '/path/to/php /home/travis/build/matomo-org/matomo/tests/PHPUnit/proxy/../../..//console core:archive --help'
See also: https://matomo.org/docs/setup-auto-archiving/

If you cannot use the console because it requires CLI
try 'php archive.php --url=http://your.piwik/path'
-------------------------------------------------------


INFO [2020-07-06 21:59:34] 10307  ---------------------------
INFO [2020-07-06 21:59:34] 10307  INIT
INFO [2020-07-06 21:59:34] 10307  Running Matomo 4.0.0-b2 as Super User
INFO [2020-07-06 21:59:34] 10307  ---------------------------
INFO [2020-07-06 21:59:34] 10307  NOTES
INFO [2020-07-06 21:59:34] 10307  - If you execute this script at least once per hour (or more often) in a crontab, you may disable 'Browser trigger archiving' in Matomo UI > Settings > General Settings.
INFO [2020-07-06 21:59:34] 10307    See the doc at: https://matomo.org/docs/setup-auto-archiving/
INFO [2020-07-06 21:59:34] 10307  - Async process archiving supported, using CliMulti.
INFO [2020-07-06 21:59:34] 10307  - Reports for today will be processed at most every 900 seconds. You can change this value in Matomo UI > Settings > General Settings.
INFO [2020-07-06 21:59:34] 10307  ---------------------------
INFO [2020-07-06 21:59:34] 10307  START
INFO [2020-07-06 21:59:34] 10307  Starting Matomo reports archiving...
INFO [2020-07-06 21:59:34] 10307  Checking for queued invalidations...
INFO [2020-07-06 21:59:34] 10307    Will invalidate archived reports for 2014-03-13 for following websites ids: 1,3
INFO [2020-07-06 21:59:34] 10307    Will invalidate archived reports for 2014-03-12 for following websites ids: 3,1
INFO [2020-07-06 21:59:34] 10307    Will invalidate archived reports for 2012-09-30 for following websites ids: 1
INFO [2020-07-06 21:59:34] 10307    Will invalidate archived reports for 2012-08-19 for following websites ids: 1
INFO [2020-07-06 21:59:34] 10307    Will invalidate archived reports for 2012-08-15 for following websites ids: 2,1,3
INFO [2020-07-06 21:59:34] 10307    Will invalidate archived reports for 2012-08-11 for following websites ids: 1
INFO [2020-07-06 21:59:34] 10307    Will invalidate archived reports for 2012-08-10 for following websites ids: 1
INFO [2020-07-06 21:59:34] 10307    Will invalidate archived reports for 2012-08-09 for following websites ids: 1
INFO [2020-07-06 21:59:34] 10307    Segment "browserCode==IE" was created or changed recently and will therefore archive today (for site ID = 1)
INFO [2020-07-06 21:59:34] 10307    Segment "visitCount<=5;visitorType!=non-existing-type;daysSinceFirstVisit<=50" was created or changed recently and will therefore archive today (for site ID = 1)
INFO [2020-07-06 21:59:34] 10307    Segment "visitCount<=5;visitorType!=re%2C%3Btest%20is%20encoded;daysSinceFirstVisit<=50" was created or changed recently and will therefore archive today (for site ID = 1)
INFO [2020-07-06 21:59:34] 10307  Done invalidating
INFO [2020-07-06 21:59:34] 10307  Start processing archives for site 1.
INFO [2020-07-06 21:59:37] 10307  Archived website id 1, period = day, date = 2014-03-13, segment = '', 11 visits found. Time elapsed: 1.124s
INFO [2020-07-06 21:59:37] 10307  Archived website id 1, period = day, date = 2014-03-12, segment = '', 1 visits found. Time elapsed: 1.124s
INFO [2020-07-06 21:59:37] 10307  Archived website id 1, period = day, date = 2012-09-30, segment = '', 1 visits found. Time elapsed: 1.124s
INFO [2020-07-06 21:59:38] 10307  Archived website id 1, period = week, date = 2014-03-10, segment = '', 12 visits found. Time elapsed: 1.761s
INFO [2020-07-06 21:59:38] 10307  Archived website id 1, period = week, date = 2012-09-24, segment = '', 1 visits found. Time elapsed: 1.761s
INFO [2020-07-06 21:59:38] 10307  Archived website id 1, period = day, date = 2012-08-19, segment = '', 1 visits found. Time elapsed: 1.761s
INFO [2020-07-06 21:59:40] 10307  Archived website id 1, period = month, date = 2014-03-01, segment = '', 12 visits found. Time elapsed: 1.743s
INFO [2020-07-06 21:59:40] 10307  Archived website id 1, period = month, date = 2012-09-01, segment = '', 1 visits found. Time elapsed: 1.743s
INFO [2020-07-06 21:59:40] 10307  Archived website id 1, period = day, date = 2012-08-15, segment = '', 2 visits found. Time elapsed: 1.743s
INFO [2020-07-06 21:59:43] 10307  Archived website id 1, period = year, date = 2014-01-01, segment = '', 12 visits found. Time elapsed: 2.510s
INFO [2020-07-06 21:59:43] 10307  Archived website id 1, period = week, date = 2012-08-13, segment = '', 3 visits found. Time elapsed: 2.510s
INFO [2020-07-06 21:59:43] 10307  Archived website id 1, period = day, date = 2012-08-11, segment = '', 11 visits found. Time elapsed: 2.510s
INFO [2020-07-06 21:59:47] 10307  Archived website id 1, period = year, date = 2014-01-01, segment = 'browserCode%3D%3DIE', 1 visits found. Time elapsed: 3.015s
INFO [2020-07-06 21:59:47] 10307  Archived website id 1, period = year, date = 2012-01-01, segment = 'browserCode%3D%3DIE', 6 visits found. Time elapsed: 4.118s
INFO [2020-07-06 21:59:47] 10307  Archived website id 1, period = day, date = 2007-04-05, segment = '', plugin = ExamplePlugin, 1 visits found. Time elapsed: 4.118s
INFO [2020-07-06 21:59:53] 10307  Archived website id 1, period = year, date = 2014-01-01, segment = 'visitCount%3C%3D5%3BvisitorType%21%3Dnon-existing-type%3BdaysSinceFirstVisit%3C%3D50', 12 visits found. Time elapsed: 4.601s
INFO [2020-07-06 21:59:53] 10307  Archived website id 1, period = year, date = 2012-01-01, segment = 'visitCount%3C%3D5%3BvisitorType%21%3Dnon-existing-type%3BdaysSinceFirstVisit%3C%3D50', 34 visits found. Time elapsed: 5.707s
INFO [2020-07-06 21:59:53] 10307  Archived website id 1, period = week, date = 2007-04-02, segment = '', plugin = ExamplePlugin, 1 visits found. Time elapsed: 5.707s
INFO [2020-07-06 21:59:59] 10307  Archived website id 1, period = year, date = 2014-01-01, segment = 'visitCount%3C%3D5%3BvisitorType%21%3Dre%252C%253Btest%2520is%2520encoded%3BdaysSinceFirstVisit%3C%3D50', 12 visits found. Time elapsed: 3.018s
INFO [2020-07-06 21:59:59] 10307  Archived website id 1, period = year, date = 2012-01-01, segment = 'visitCount%3C%3D5%3BvisitorType%21%3Dre%252C%253Btest%2520is%2520encoded%3BdaysSinceFirstVisit%3C%3D50', 34 visits found. Time elapsed: 5.246s
INFO [2020-07-06 21:59:59] 10307  Archived website id 1, period = month, date = 2007-04-01, segment = '', plugin = ExamplePlugin, 1 visits found. Time elapsed: 5.246s
INFO [2020-07-06 22:00:00] 10307  Archived website id 1, period = day, date = 2012-08-10, segment = '', 8 visits found. Time elapsed: 0.632s
INFO [2020-07-06 22:00:00] 10307  Archived website id 1, period = day, date = 2012-08-09, segment = '', 11 visits found. Time elapsed: 0.916s
INFO [2020-07-06 22:00:01] 10307  Archived website id 1, period = week, date = 2012-08-06, segment = '', 30 visits found. Time elapsed: 0.827s
INFO [2020-07-06 22:00:02] 10307  Archived website id 1, period = month, date = 2012-08-01, segment = '', 33 visits found. Time elapsed: 1.104s
INFO [2020-07-06 22:00:03] 10307  Archived website id 1, period = year, date = 2012-01-01, segment = '', 34 visits found. Time elapsed: 1.102s
INFO [2020-07-06 22:00:03] 10307  Archived website id 1, period = year, date = 2007-01-01, segment = '', plugin = ExamplePlugin, 1 visits found. Time elapsed: 0.564s
INFO [2020-07-06 22:00:03] 10307  Finished archiving for site 1, 27 API requests, Time elapsed: 28.981s [1 / 3 done]
INFO [2020-07-06 22:00:04] 10307  Start processing archives for site 2.
INFO [2020-07-06 22:00:04] 10307  Archived website id 2, period = day, date = 2012-08-15, segment = '', 1 visits found. Time elapsed: 0.549s
INFO [2020-07-06 22:00:05] 10307  Archived website id 2, period = week, date = 2012-08-13, segment = '', 1 visits found. Time elapsed: 0.826s
INFO [2020-07-06 22:00:06] 10307  Archived website id 2, period = month, date = 2012-08-01, segment = '', 1 visits found. Time elapsed: 0.825s
INFO [2020-07-06 22:00:07] 10307  Archived website id 2, period = year, date = 2012-01-01, segment = '', 1 visits found. Time elapsed: 1.110s
INFO [2020-07-06 22:00:07] 10307  Finished archiving for site 2, 4 API requests, Time elapsed: 3.469s [2 / 3 done]
INFO [2020-07-06 22:00:07] 10307  Start processing archives for site 3.
INFO [2020-07-06 22:00:08] 10307  Archived website id 3, period = day, date = 2014-03-13, segment = '', 11 visits found. Time elapsed: 0.834s
INFO [2020-07-06 22:00:08] 10307  Archived website id 3, period = day, date = 2014-03-12, segment = '', 1 visits found. Time elapsed: 0.834s
INFO [2020-07-06 22:00:08] 10307  Archived website id 3, period = day, date = 2012-08-15, segment = '', 3 visits found. Time elapsed: 1.115s
INFO [2020-07-06 22:00:09] 10307  Archived website id 3, period = week, date = 2014-03-10, segment = '', 12 visits found. Time elapsed: 1.257s
INFO [2020-07-06 22:00:09] 10307  Archived website id 3, period = week, date = 2012-08-13, segment = '', 3 visits found. Time elapsed: 1.257s
INFO [2020-07-06 22:00:11] 10307  Archived website id 3, period = month, date = 2014-03-01, segment = '', 12 visits found. Time elapsed: 1.266s
INFO [2020-07-06 22:00:11] 10307  Archived website id 3, period = month, date = 2012-08-01, segment = '', 3 visits found. Time elapsed: 1.818s
INFO [2020-07-06 22:00:13] 10307  Archived website id 3, period = year, date = 2014-01-01, segment = '', 12 visits found. Time elapsed: 1.899s
INFO [2020-07-06 22:00:13] 10307  Archived website id 3, period = year, date = 2012-01-01, segment = '', 3 visits found. Time elapsed: 1.920s
INFO [2020-07-06 22:00:13] 10307  Finished archiving for site 3, 9 API requests, Time elapsed: 6.303s [3 / 3 done]
INFO [2020-07-06 22:00:13] 10307  Done archiving!
INFO [2020-07-06 22:00:13] 10307  ---------------------------
INFO [2020-07-06 22:00:13] 10307  SUMMARY
INFO [2020-07-06 22:00:13] 10307  Processed 40 archives.
INFO [2020-07-06 22:00:13] 10307  Total API requests: 40
INFO [2020-07-06 22:00:13] 10307  done: 40 req, 39477 ms, no error
INFO [2020-07-06 22:00:13] 10307  Time elapsed: 39.477s
INFO [2020-07-06 22:00:13] 10307  ---------------------------
INFO [2020-07-06 22:00:13] 10307  SCHEDULED TASKS
INFO [2020-07-06 22:00:13] 10307  Starting Scheduled tasks...
INFO [2020-07-06 22:00:13] 10307  done
INFO [2020-07-06 22:00:13] 10307  ---------------------------